
> client-project@0.0.0 build
> tsc -b && vite build

src/components/layout/Category.tsx(1,8): error TS6133: 'React' is declared but its value is never read.
src/components/layout/Category.tsx(81,22): error TS7053: Element implicitly has an 'any' type because expression of type 'any' can't be used to index type '{ Italian: string; "fast food": string; Vegan: string; Desserts: string; Beverages: string; default: string; }'.
src/components/layout/Category.tsx(82,27): error TS7053: Element implicitly has an 'any' type because expression of type 'any' can't be used to index type '{ Italian: string; "fast food": string; Desserts: string; Vegan: string; Beverages: string; default: string; }'.
src/components/layout/Category.tsx(199,26): error TS2345: Argument of type 'string' is not assignable to parameter of type 'SetStateAction<null>'.
src/components/layout/Category.tsx(202,31): error TS2345: Argument of type 'string[]' is not assignable to parameter of type 'SetStateAction<never[]>'.
  Type 'string[]' is not assignable to type 'never[]'.
    Type 'string' is not assignable to type 'never'.
src/components/layout/Discount.tsx(3,1): error TS6133: 'SectionWrapper' is declared but its value is never read.
src/components/layout/Hero1.tsx(4,1): error TS6133: 'Link' is declared but its value is never read.
src/components/layout/Poster.tsx(1,8): error TS6133: 'React' is declared but its value is never read.
src/components/layout/Poster.tsx(3,1): error TS6133: 'logo' is declared but its value is never read.
src/components/Restaurants/FoodItemsList.tsx(53,12): error TS6133: 'userId' is declared but its value is never read.
src/components/Restaurants/FoodItemsList.tsx(54,12): error TS6133: 'cartItems' is declared but its value is never read.
src/components/Restaurants/FoodItemsList.tsx(57,12): error TS6133: 'isCartUpdating' is declared but its value is never read.
src/components/Restaurants/FoodItemsList.tsx(59,30): error TS6133: 'setShowNotification' is declared but its value is never read.
src/components/Restaurants/FoodItemsList.tsx(60,33): error TS6133: 'setNotificationMessage' is declared but its value is never read.
src/components/Restaurants/FoodItemsList.tsx(154,13): error TS2349: This expression is not callable.
  Type 'Boolean' has no call signatures.
src/components/Restaurants/FoodItemsList.tsx(199,13): error TS2349: This expression is not callable.
  Type 'Boolean' has no call signatures.
src/components/Restaurants/FoodItemsList.tsx(206,17): error TS2349: This expression is not callable.
  Type 'Boolean' has no call signatures.
src/components/Restaurants/FoodItemsList.tsx(208,17): error TS2349: This expression is not callable.
  Type 'Boolean' has no call signatures.
src/components/Restaurants/Owner/Sidebar.tsx(7,5): error TS6133: 'ShoppingBag' is declared but its value is never read.
src/components/Restaurants/Owner/Sidebar.tsx(8,5): error TS6133: 'Users' is declared but its value is never read.
src/components/Restaurants/Pagination.tsx(21,34): error TS18048: 'totalItems' is possibly 'undefined'.
src/components/Restaurants/Pagination.tsx(57,26): error TS18048: 'totalItems' is possibly 'undefined'.
src/components/Restaurants/Pagination.tsx(57,95): error TS2345: Argument of type 'number | undefined' is not assignable to parameter of type 'number'.
  Type 'undefined' is not assignable to type 'number'.
src/components/Restaurants/RestaurantHeader.tsx(40,11): error TS6133: 'scrollIndicatorAnimation' is declared but its value is never read.
src/components/Restaurants/RestaurantHeader.tsx(58,11): error TS6133: 'scrollIndicatorOpacity' is declared but its value is never read.
src/pages/Auth/Login.tsx(151,68): error TS2345: Argument of type '"username"' is not assignable to parameter of type 'SetStateAction<null>'.
src/pages/Auth/Login.tsx(176,68): error TS2345: Argument of type '"password"' is not assignable to parameter of type 'SetStateAction<null>'.
src/pages/Auth/Register.tsx(18,33): error TS7006: Parameter 'e' implicitly has an 'any' type.
src/pages/Auth/Register.tsx(30,22): error TS18046: 'err' is of type 'unknown'.
src/pages/Delivery/CustomerTraking.tsx(6,1): error TS6133: 'NavigationBar' is declared but its value is never read.
src/pages/Delivery/CustomerTraking.tsx(7,1): error TS6133: 'SubNav' is declared but its value is never read.
src/pages/Delivery/DriverDashboard.tsx(6,1): error TS6133: 'NavV2' is declared but its value is never read.
src/pages/Delivery/DriverDeliveryPageWrapper.tsx(7,30): error TS2322: Type '{ driverId: string | undefined; }' is not assignable to type 'IntrinsicAttributes'.
  Property 'driverId' does not exist on type 'IntrinsicAttributes'.
src/pages/Delivery/DriverForm.tsx(76,10): error TS6133: 'existingDrivers' is declared but its value is never read.
src/pages/orders/OrderConfirmation.tsx(1,8): error TS6133: 'React' is declared but its value is never read.
src/pages/orders/OrderConfirmation.tsx(22,11): error TS6133: 'navigate' is declared but its value is never read.
src/pages/orders/OrderConfirmation.tsx(185,31): error TS7006: Parameter 'e' implicitly has an 'any' type.
src/pages/orders/OrderConfirmation.tsx(192,31): error TS7006: Parameter 'e' implicitly has an 'any' type.
src/pages/orders/OrderDetail.tsx(21,52): error TS2345: Argument of type 'number' is not assignable to parameter of type 'string'.
src/pages/orders/OrderForm.tsx(6,1): error TS6133: 'NavigationBar' is declared but its value is never read.
src/pages/orders/OrderForm.tsx(8,1): error TS6133: 'SubNav' is declared but its value is never read.
src/pages/orders/OrderForm.tsx(788,73): error TS2339: Property 'id' does not exist on type 'Order'.
src/pages/orders/OrderTracking.tsx(3,1): error TS6133: 'NavigationBar' is declared but its value is never read.
src/pages/orders/OrderTracking.tsx(5,1): error TS6133: 'SubNav' is declared but its value is never read.
src/pages/orders/OrderTracking.tsx(30,28): error TS6133: 'setShowDetailedView' is declared but its value is never read.
src/pages/Restaurant/Admin/RestaurantOrders.tsx(1,8): error TS6133: 'React' is declared but its value is never read.
src/pages/Restaurant/Admin/RestaurantOrders.tsx(22,1): error TS6133: 'AdminSidebar' is declared but its value is never read.
src/pages/Restaurant/Admin/RestaurantOrders.tsx(36,23): error TS7031: Binding element 'status' implicitly has an 'any' type.
src/pages/Restaurant/Admin/RestaurantOrders.tsx(58,22): error TS7031: Binding element 'order' implicitly has an 'any' type.
src/pages/Restaurant/Admin/RestaurantOrders.tsx(58,29): error TS7031: Binding element 'onEdit' implicitly has an 'any' type.
src/pages/Restaurant/Admin/RestaurantOrders.tsx(58,37): error TS7031: Binding element 'onDelete' implicitly has an 'any' type.
src/pages/Restaurant/Admin/RestaurantOrders.tsx(58,47): error TS7031: Binding element 'onUpdateStatus' implicitly has an 'any' type.
src/pages/Restaurant/Admin/RestaurantOrders.tsx(58,63): error TS7031: Binding element 'isExpanded' implicitly has an 'any' type.
src/pages/Restaurant/Admin/RestaurantOrders.tsx(58,75): error TS7031: Binding element 'toggleExpand' implicitly has an 'any' type.
src/pages/Restaurant/Admin/RestaurantOrders.tsx(59,24): error TS7053: Element implicitly has an 'any' type because expression of type 'any' can't be used to index type '{ PLACED: { label: string; color: string; lightColor: string; }; CONFIRMED: { label: string; color: string; lightColor: string; }; PREPARING: { label: string; color: string; lightColor: string; }; OUT_FOR_DELIVERY: { ...; }; DELIVERED: { ...; }; CANCELLED: { ...; }; }'.
src/pages/Restaurant/Admin/RestaurantOrders.tsx(62,25): error TS7006: Parameter 'dateString' implicitly has an 'any' type.
src/pages/Restaurant/Admin/RestaurantOrders.tsx(108,99): error TS7006: Parameter 'item' implicitly has an 'any' type.
src/pages/Restaurant/Admin/RestaurantOrders.tsx(108,105): error TS7006: Parameter 'index' implicitly has an 'any' type.
src/pages/Restaurant/Admin/RestaurantOrders.tsx(169,58): error TS7053: Element implicitly has an 'any' type because expression of type 'string' can't be used to index type '{ PLACED: { label: string; color: string; lightColor: string; }; CONFIRMED: { label: string; color: string; lightColor: string; }; PREPARING: { label: string; color: string; lightColor: string; }; OUT_FOR_DELIVERY: { ...; }; DELIVERED: { ...; }; CANCELLED: { ...; }; }'.
  No index signature with a parameter of type 'string' was found on type '{ PLACED: { label: string; color: string; lightColor: string; }; CONFIRMED: { label: string; color: string; lightColor: string; }; PREPARING: { label: string; color: string; lightColor: string; }; OUT_FOR_DELIVERY: { ...; }; DELIVERED: { ...; }; CANCELLED: { ...; }; }'.
src/pages/Restaurant/Admin/RestaurantOrders.tsx(188,27): error TS7031: Binding element 'order' implicitly has an 'any' type.
src/pages/Restaurant/Admin/RestaurantOrders.tsx(188,34): error TS7031: Binding element 'formData' implicitly has an 'any' type.
src/pages/Restaurant/Admin/RestaurantOrders.tsx(188,44): error TS7031: Binding element 'handleChange' implicitly has an 'any' type.
src/pages/Restaurant/Admin/RestaurantOrders.tsx(188,58): error TS7031: Binding element 'saveChanges' implicitly has an 'any' type.
src/pages/Restaurant/Admin/RestaurantOrders.tsx(188,71): error TS7031: Binding element 'cancelEdit' implicitly has an 'any' type.
src/pages/Restaurant/Admin/RestaurantOrders.tsx(245,74): error TS7053: Element implicitly has an 'any' type because expression of type 'string' can't be used to index type '{ PLACED: { label: string; color: string; lightColor: string; }; CONFIRMED: { label: string; color: string; lightColor: string; }; PREPARING: { label: string; color: string; lightColor: string; }; OUT_FOR_DELIVERY: { ...; }; DELIVERED: { ...; }; CANCELLED: { ...; }; }'.
  No index signature with a parameter of type 'string' was found on type '{ PLACED: { label: string; color: string; lightColor: string; }; CONFIRMED: { label: string; color: string; lightColor: string; }; PREPARING: { label: string; color: string; lightColor: string; }; OUT_FOR_DELIVERY: { ...; }; DELIVERED: { ...; }; CANCELLED: { ...; }; }'.
src/pages/Restaurant/Admin/RestaurantOrders.tsx(300,23): error TS2345: Argument of type 'any[]' is not assignable to parameter of type 'SetStateAction<never[]>'.
  Type 'any[]' is not assignable to type 'never[]'.
    Type 'any' is not assignable to type 'never'.
src/pages/Restaurant/Admin/RestaurantOrders.tsx(304,22): error TS2345: Argument of type 'string' is not assignable to parameter of type 'SetStateAction<null>'.
src/pages/Restaurant/Admin/RestaurantOrders.tsx(304,49): error TS18046: 'err' is of type 'unknown'.
src/pages/Restaurant/Admin/RestaurantOrders.tsx(315,22): error TS2345: Argument of type '"Restaurant ID is missing"' is not assignable to parameter of type 'SetStateAction<null>'.
src/pages/Restaurant/Admin/RestaurantOrders.tsx(321,32): error TS7006: Parameter 'orderId' implicitly has an 'any' type.
src/pages/Restaurant/Admin/RestaurantOrders.tsx(326,38): error TS7006: Parameter 'orderId' implicitly has an 'any' type.
src/pages/Restaurant/Admin/RestaurantOrders.tsx(326,47): error TS7006: Parameter 'newStatus' implicitly has an 'any' type.
src/pages/Restaurant/Admin/RestaurantOrders.tsx(337,23): error TS2345: Argument of type 'any[]' is not assignable to parameter of type 'SetStateAction<never[]>'.
  Type 'any[]' is not assignable to type 'never[]'.
    Type 'any' is not assignable to type 'never'.
src/pages/Restaurant/Admin/RestaurantOrders.tsx(338,23): error TS2339: Property 'orderId' does not exist on type 'never'.
src/pages/Restaurant/Admin/RestaurantOrders.tsx(339,25): error TS2698: Spread types may only be created from object types.
src/pages/Restaurant/Admin/RestaurantOrders.tsx(346,34): error TS18046: 'err' is of type 'unknown'.
src/pages/Restaurant/Admin/RestaurantOrders.tsx(352,32): error TS7006: Parameter 'orderId' implicitly has an 'any' type.
src/pages/Restaurant/Admin/RestaurantOrders.tsx(358,68): error TS2339: Property 'orderId' does not exist on type 'never'.
src/pages/Restaurant/Admin/RestaurantOrders.tsx(363,26): error TS2345: Argument of type '"Failed to delete order. Please try again."' is not assignable to parameter of type 'SetStateAction<null>'.
src/pages/Restaurant/Admin/RestaurantOrders.tsx(369,25): error TS7006: Parameter 'order' implicitly has an 'any' type.
src/pages/Restaurant/Admin/RestaurantOrders.tsx(379,27): error TS7006: Parameter 'e' implicitly has an 'any' type.
src/pages/Restaurant/Admin/RestaurantOrders.tsx(385,37): error TS7006: Parameter 'orderId' implicitly has an 'any' type.
src/pages/Restaurant/Admin/RestaurantOrders.tsx(387,62): error TS2339: Property 'orderId' does not exist on type 'never'.
src/pages/Restaurant/Admin/RestaurantOrders.tsx(389,17): error TS2698: Spread types may only be created from object types.
src/pages/Restaurant/Admin/RestaurantOrders.tsx(398,23): error TS2345: Argument of type 'any[]' is not assignable to parameter of type 'SetStateAction<never[]>'.
  Type 'any[]' is not assignable to type 'never[]'.
    Type 'any' is not assignable to type 'never'.
src/pages/Restaurant/Admin/RestaurantOrders.tsx(399,23): error TS2339: Property 'orderId' does not exist on type 'never'.
src/pages/Restaurant/Admin/RestaurantOrders.tsx(409,22): error TS2345: Argument of type '"Failed to update order. Please try again."' is not assignable to parameter of type 'SetStateAction<null>'.
src/pages/Restaurant/Admin/RestaurantOrders.tsx(427,60): error TS2339: Property 'status' does not exist on type 'never'.
src/pages/Restaurant/Admin/RestaurantOrders.tsx(429,19): error TS2339: Property 'orderId' does not exist on type 'never'.
src/pages/Restaurant/Admin/RestaurantOrders.tsx(430,20): error TS2339: Property 'deliveryAddress' does not exist on type 'never'.
src/pages/Restaurant/Admin/RestaurantOrders.tsx(430,45): error TS2339: Property 'deliveryAddress' does not exist on type 'never'.
src/pages/Restaurant/Admin/RestaurantOrders.tsx(431,20): error TS2339: Property 'contactPhone' does not exist on type 'never'.
src/pages/Restaurant/Admin/RestaurantOrders.tsx(431,42): error TS2339: Property 'contactPhone' does not exist on type 'never'.
src/pages/Restaurant/Admin/RestaurantOrders.tsx(489,74): error TS7053: Element implicitly has an 'any' type because expression of type 'string' can't be used to index type '{ PLACED: { label: string; color: string; lightColor: string; }; CONFIRMED: { label: string; color: string; lightColor: string; }; PREPARING: { label: string; color: string; lightColor: string; }; OUT_FOR_DELIVERY: { ...; }; DELIVERED: { ...; }; CANCELLED: { ...; }; }'.
  No index signature with a parameter of type 'string' was found on type '{ PLACED: { label: string; color: string; lightColor: string; }; CONFIRMED: { label: string; color: string; lightColor: string; }; PREPARING: { label: string; color: string; lightColor: string; }; OUT_FOR_DELIVERY: { ...; }; DELIVERED: { ...; }; CANCELLED: { ...; }; }'.
src/pages/Restaurant/Admin/RestaurantOrders.tsx(536,52): error TS2339: Property 'orderId' does not exist on type 'never'.
src/pages/Restaurant/Admin/RestaurantOrders.tsx(541,79): error TS2339: Property 'orderId' does not exist on type 'never'.
src/pages/Restaurant/Admin/RestaurantOrders.tsx(542,85): error TS2339: Property 'orderId' does not exist on type 'never'.
src/pages/Restaurant/Admin/RestuarantAdminFoodItem.tsx(2,73): error TS6133: 'X' is declared but its value is never read.
src/pages/Restaurant/Admin/RestuarantAdminFoodItem.tsx(2,83): error TS6133: 'Check' is declared but its value is never read.
src/pages/Restaurant/Admin/RestuarantAdminFoodItem.tsx(19,18): error TS6133: 'setPage' is declared but its value is never read.
src/pages/Restaurant/Admin/RestuarantAdminFoodItem.tsx(20,18): error TS6133: 'setSize' is declared but its value is never read.
src/pages/Restaurant/Admin/RestuarantAdminFoodItem.tsx(73,35): error TS7006: Parameter 'item' implicitly has an 'any' type.
src/pages/Restaurant/Admin/RestuarantAdminFoodItem.tsx(75,30): error TS7053: Element implicitly has an 'any' type because expression of type 'any' can't be used to index type '{}'.
src/pages/Restaurant/Admin/RestuarantAdminFoodItem.tsx(76,29): error TS7053: Element implicitly has an 'any' type because expression of type 'any' can't be used to index type '{}'.
src/pages/Restaurant/Admin/RestuarantAdminFoodItem.tsx(78,25): error TS7053: Element implicitly has an 'any' type because expression of type 'any' can't be used to index type '{}'.
src/pages/Restaurant/Admin/RestuarantAdminFoodItem.tsx(85,47): error TS2345: Argument of type 'string' is not assignable to parameter of type 'SetStateAction<null>'.
src/pages/Restaurant/Admin/RestuarantAdminFoodItem.tsx(91,31): error TS2345: Argument of type 'string[]' is not assignable to parameter of type 'SetStateAction<never[]>'.
  Type 'string[]' is not assignable to type 'never[]'.
    Type 'string' is not assignable to type 'never'.
src/pages/Restaurant/Admin/RestuarantAdminFoodItem.tsx(109,53): error TS2339: Property 'category' does not exist on type 'never'.
src/pages/Restaurant/Admin/RestuarantAdminFoodItem.tsx(114,53): error TS2339: Property 'type' does not exist on type 'never'.
src/pages/Restaurant/Admin/RestuarantAdminFoodItem.tsx(119,53): error TS2339: Property 'available' does not exist on type 'never'.
src/pages/Restaurant/Admin/RestuarantAdminFoodItem.tsx(124,18): error TS2339: Property 'price' does not exist on type 'never'.
src/pages/Restaurant/Admin/RestuarantAdminFoodItem.tsx(125,18): error TS2339: Property 'price' does not exist on type 'never'.
src/pages/Restaurant/Admin/RestuarantAdminFoodItem.tsx(137,40): error TS7006: Parameter 'restaurantId' implicitly has an 'any' type.
src/pages/Restaurant/Admin/RestuarantAdminFoodItem.tsx(142,32): error TS7006: Parameter 'item' implicitly has an 'any' type.
src/pages/Restaurant/Admin/RestuarantAdminFoodItem.tsx(157,93): error TS2339: Property 'foodItemId' does not exist on type 'never'.
src/pages/Restaurant/Admin/RestuarantAdminFoodItem.tsx(169,73): error TS2339: Property 'foodItemId' does not exist on type 'never'.
src/pages/Restaurant/Admin/RestuarantAdminFoodItem.tsx(169,101): error TS2339: Property 'foodItemId' does not exist on type 'never'.
src/pages/Restaurant/Admin/RestuarantAdminFoodItem.tsx(174,21): error TS7053: Element implicitly has an 'any' type because expression of type 'string' can't be used to index type '{}'.
  No index signature with a parameter of type 'string' was found on type '{}'.
src/pages/Restaurant/Admin/RestuarantAdminFoodItem.tsx(174,42): error TS7053: Element implicitly has an 'any' type because expression of type 'string' can't be used to index type '{}'.
  No index signature with a parameter of type 'string' was found on type '{}'.
src/pages/Restaurant/Admin/RestuarantAdminFoodItem.tsx(174,68): error TS7006: Parameter 'item' implicitly has an 'any' type.
src/pages/Restaurant/Admin/RestuarantAdminFoodItem.tsx(174,109): error TS2339: Property 'foodItemId' does not exist on type 'never'.
src/pages/Restaurant/Admin/RestuarantAdminFoodItem.tsx(194,29): error TS7006: Parameter 'item' implicitly has an 'any' type.
src/pages/Restaurant/Admin/RestuarantAdminFoodItem.tsx(246,32): error TS7006: Parameter 'e' implicitly has an 'any' type.
src/pages/Restaurant/Admin/RestuarantAdminFoodItem.tsx(288,37): error TS7006: Parameter 'e' implicitly has an 'any' type.
src/pages/Restaurant/Admin/RestuarantAdminFoodItem.tsx(323,25): error TS2339: Property 'foodItemId' does not exist on type '{ price: number; discount: number; name: string; category: string; type: string; restaurantId: string; imageUrl: string; description: string; available: boolean; }'.
src/pages/Restaurant/Admin/RestuarantAdminFoodItem.tsx(323,50): error TS2339: Property 'foodItemId' does not exist on type 'never'.
src/pages/Restaurant/Admin/RestuarantAdminFoodItem.tsx(328,69): error TS2339: Property 'foodItemId' does not exist on type 'never'.
src/pages/Restaurant/Admin/RestuarantAdminFoodItem.tsx(351,34): error TS2345: Argument of type '(prevItems: never[]) => any[]' is not assignable to parameter of type 'SetStateAction<never[]>'.
  Type '(prevItems: never[]) => any[]' is not assignable to type '(prevState: never[]) => never[]'.
    Type 'any[]' is not assignable to type 'never[]'.
      Type 'any' is not assignable to type 'never'.
src/pages/Restaurant/Admin/RestuarantAdminFoodItem.tsx(353,34): error TS2339: Property 'foodItemId' does not exist on type 'never'.
src/pages/Restaurant/Admin/RestuarantAdminFoodItem.tsx(360,25): error TS7053: Element implicitly has an 'any' type because expression of type 'string' can't be used to index type '{}'.
  No index signature with a parameter of type 'string' was found on type '{}'.
src/pages/Restaurant/Admin/RestuarantAdminFoodItem.tsx(360,46): error TS7053: Element implicitly has an 'any' type because expression of type 'string' can't be used to index type '{}'.
  No index signature with a parameter of type 'string' was found on type '{}'.
src/pages/Restaurant/Admin/RestuarantAdminFoodItem.tsx(360,69): error TS7006: Parameter 'item' implicitly has an 'any' type.
src/pages/Restaurant/Admin/RestuarantAdminFoodItem.tsx(367,34): error TS2345: Argument of type '(prevItems: never[]) => any[]' is not assignable to parameter of type 'SetStateAction<never[]>'.
  Type '(prevItems: never[]) => any[]' is not assignable to type '(prevState: never[]) => never[]'.
    Type 'any[]' is not assignable to type 'never[]'.
      Type 'any' is not assignable to type 'never'.
src/pages/Restaurant/Admin/RestuarantAdminFoodItem.tsx(371,26): error TS7053: Element implicitly has an 'any' type because expression of type 'any' can't be used to index type '{}'.
src/pages/Restaurant/Admin/RestuarantAdminFoodItem.tsx(372,25): error TS7053: Element implicitly has an 'any' type because expression of type 'any' can't be used to index type '{}'.
src/pages/Restaurant/Admin/RestuarantAdminFoodItem.tsx(374,21): error TS7053: Element implicitly has an 'any' type because expression of type 'any' can't be used to index type '{}'.
src/pages/Restaurant/Admin/RestuarantAdminFoodItem.tsx(397,33): error TS7006: Parameter 'filterName' implicitly has an 'any' type.
src/pages/Restaurant/Admin/RestuarantAdminFoodItem.tsx(397,45): error TS7006: Parameter 'value' implicitly has an 'any' type.
src/pages/Restaurant/Admin/RestuarantAdminFoodItem.tsx(415,28): error TS7053: Element implicitly has an 'any' type because expression of type 'string' can't be used to index type '{}'.
  No index signature with a parameter of type 'string' was found on type '{}'.
src/pages/Restaurant/Admin/RestuarantAdminFoodItem.tsx(416,27): error TS7053: Element implicitly has an 'any' type because expression of type 'string' can't be used to index type '{}'.
  No index signature with a parameter of type 'string' was found on type '{}'.
src/pages/Restaurant/Admin/RestuarantAdminFoodItem.tsx(422,45): error TS2339: Property 'restaurantId' does not exist on type 'never'.
src/pages/Restaurant/Admin/RestuarantAdminFoodItem.tsx(536,120): error TS2339: Property 'toString' does not exist on type 'never'.
src/pages/Restaurant/Admin/RestuarantAdminFoodItem.tsx(637,109): error TS2339: Property 'restaurantName' does not exist on type 'never'.
src/pages/Restaurant/Admin/RestuarantAdminFoodItem.tsx(652,71): error TS2339: Property 'foodItemId' does not exist on type 'never'.
src/pages/Restaurant/Admin/RestuarantAdminFoodItem.tsx(661,79): error TS2339: Property 'imageUrl' does not exist on type 'never'.
src/pages/Restaurant/Admin/RestuarantAdminFoodItem.tsx(662,79): error TS2339: Property 'name' does not exist on type 'never'.
src/pages/Restaurant/Admin/RestuarantAdminFoodItem.tsx(666,80): error TS2339: Property 'src' does not exist on type 'EventTarget'.
src/pages/Restaurant/Admin/RestuarantAdminFoodItem.tsx(670,75): error TS2339: Property 'discount' does not exist on type 'never'.
src/pages/Restaurant/Admin/RestuarantAdminFoodItem.tsx(670,98): error TS2339: Property 'discount' does not exist on type 'never'.
src/pages/Restaurant/Admin/RestuarantAdminFoodItem.tsx(673,123): error TS2339: Property 'name' does not exist on type 'never'.
src/pages/Restaurant/Admin/RestuarantAdminFoodItem.tsx(680,116): error TS2339: Property 'category' does not exist on type 'never'.
src/pages/Restaurant/Admin/RestuarantAdminFoodItem.tsx(683,86): error TS2339: Property 'type' does not exist on type 'never'.
src/pages/Restaurant/Admin/RestuarantAdminFoodItem.tsx(684,90): error TS2339: Property 'type' does not exist on type 'never'.
src/pages/Restaurant/Admin/RestuarantAdminFoodItem.tsx(687,85): error TS2339: Property 'type' does not exist on type 'never'.
src/pages/Restaurant/Admin/RestuarantAdminFoodItem.tsx(690,86): error TS2339: Property 'available' does not exist on type 'never'.
src/pages/Restaurant/Admin/RestuarantAdminFoodItem.tsx(692,85): error TS2339: Property 'available' does not exist on type 'never'.
src/pages/Restaurant/Admin/RestuarantAdminFoodItem.tsx(698,83): error TS2339: Property 'price' does not exist on type 'never'.
src/pages/Restaurant/Admin/RestuarantAdminFoodItem.tsx(700,79): error TS2339: Property 'discount' does not exist on type 'never'.
src/pages/Restaurant/Admin/RestuarantAdminFoodItem.tsx(702,89): error TS2339: Property 'price' does not exist on type 'never'.
src/pages/Restaurant/Admin/RestuarantAdminFoodItem.tsx(702,107): error TS2339: Property 'discount' does not exist on type 'never'.
src/pages/Restaurant/Admin/RestuarantAdminFoodItem.tsx(708,126): error TS2339: Property 'description' does not exist on type 'never'.
src/pages/Restaurant/Admin/RestuarantAdminFoodItem.tsx(1015,127): error TS2339: Property 'name' does not exist on type 'never'.
src/pages/Restaurant/Cart.tsx(8,1): error TS6133: 'Navbar' is declared but its value is never read.
src/pages/Restaurant/Cart.tsx(43,49): error TS7006: Parameter 'item' implicitly has an 'any' type.
src/pages/Restaurant/Cart.tsx(45,26): error TS7053: Element implicitly has an 'any' type because expression of type 'any' can't be used to index type '{}'.
src/pages/Restaurant/Cart.tsx(46,25): error TS7053: Element implicitly has an 'any' type because expression of type 'any' can't be used to index type '{}'.
src/pages/Restaurant/Cart.tsx(52,21): error TS7053: Element implicitly has an 'any' type because expression of type 'any' can't be used to index type '{}'.
src/pages/Restaurant/Cart.tsx(53,21): error TS7053: Element implicitly has an 'any' type because expression of type 'any' can't be used to index type '{}'.
src/pages/Restaurant/Cart.tsx(58,48): error TS18046: 'restaurant' is of type 'unknown'.
src/pages/Restaurant/Cart.tsx(72,38): error TS2345: Argument of type 'string' is not assignable to parameter of type 'SetStateAction<null>'.
src/pages/Restaurant/Cart.tsx(75,26): error TS2345: Argument of type '"Failed to fetch cart"' is not assignable to parameter of type 'SetStateAction<null>'.
src/pages/Restaurant/Cart.tsx(78,22): error TS2345: Argument of type 'string' is not assignable to parameter of type 'SetStateAction<null>'.
src/pages/Restaurant/Cart.tsx(78,45): error TS18046: 'err' is of type 'unknown'.
src/pages/Restaurant/Cart.tsx(101,65): error TS7006: Parameter 'item' implicitly has an 'any' type.
src/pages/Restaurant/Cart.tsx(103,42): error TS7053: Element implicitly has an 'any' type because expression of type 'any' can't be used to index type '{}'.
src/pages/Restaurant/Cart.tsx(104,41): error TS7053: Element implicitly has an 'any' type because expression of type 'any' can't be used to index type '{}'.
src/pages/Restaurant/Cart.tsx(110,37): error TS7053: Element implicitly has an 'any' type because expression of type 'any' can't be used to index type '{}'.
src/pages/Restaurant/Cart.tsx(111,37): error TS7053: Element implicitly has an 'any' type because expression of type 'any' can't be used to index type '{}'.
src/pages/Restaurant/Cart.tsx(116,64): error TS18046: 'restaurant' is of type 'unknown'.
src/pages/Restaurant/Cart.tsx(129,54): error TS2345: Argument of type 'string' is not assignable to parameter of type 'SetStateAction<null>'.
src/pages/Restaurant/Cart.tsx(132,42): error TS2345: Argument of type '"Failed to fetch cart"' is not assignable to parameter of type 'SetStateAction<null>'.
src/pages/Restaurant/Cart.tsx(136,38): error TS2345: Argument of type 'string' is not assignable to parameter of type 'SetStateAction<null>'.
src/pages/Restaurant/Cart.tsx(149,41): error TS7006: Parameter 'foodId' implicitly has an 'any' type.
src/pages/Restaurant/Cart.tsx(149,49): error TS7006: Parameter 'currentQuantity' implicitly has an 'any' type.
src/pages/Restaurant/Cart.tsx(149,66): error TS7006: Parameter 'increase' implicitly has an 'any' type.
src/pages/Restaurant/Cart.tsx(156,34): error TS18047: 'cart' is possibly 'null'.
src/pages/Restaurant/Cart.tsx(156,53): error TS7006: Parameter 'item' implicitly has an 'any' type.
src/pages/Restaurant/Cart.tsx(161,34): error TS7006: Parameter 'item' implicitly has an 'any' type.
src/pages/Restaurant/Cart.tsx(163,22): error TS7053: Element implicitly has an 'any' type because expression of type 'any' can't be used to index type '{}'.
src/pages/Restaurant/Cart.tsx(164,21): error TS7053: Element implicitly has an 'any' type because expression of type 'any' can't be used to index type '{}'.
src/pages/Restaurant/Cart.tsx(170,17): error TS7053: Element implicitly has an 'any' type because expression of type 'any' can't be used to index type '{}'.
src/pages/Restaurant/Cart.tsx(171,17): error TS7053: Element implicitly has an 'any' type because expression of type 'any' can't be used to index type '{}'.
src/pages/Restaurant/Cart.tsx(176,44): error TS18046: 'restaurant' is of type 'unknown'.
src/pages/Restaurant/Cart.tsx(181,17): error TS2698: Spread types may only be created from object types.
src/pages/Restaurant/Cart.tsx(191,22): error TS2345: Argument of type 'string' is not assignable to parameter of type 'SetStateAction<null>'.
src/pages/Restaurant/Cart.tsx(191,52): error TS18046: 'err' is of type 'unknown'.
src/pages/Restaurant/Cart.tsx(197,37): error TS7006: Parameter 'foodId' implicitly has an 'any' type.
src/pages/Restaurant/Cart.tsx(202,33): error TS18047: 'cart' is possibly 'null'.
src/pages/Restaurant/Cart.tsx(202,53): error TS7006: Parameter 'item' implicitly has an 'any' type.
src/pages/Restaurant/Cart.tsx(203,34): error TS18047: 'cart' is possibly 'null'.
src/pages/Restaurant/Cart.tsx(203,56): error TS7006: Parameter 'item' implicitly has an 'any' type.
src/pages/Restaurant/Cart.tsx(206,34): error TS7006: Parameter 'item' implicitly has an 'any' type.
src/pages/Restaurant/Cart.tsx(208,22): error TS7053: Element implicitly has an 'any' type because expression of type 'any' can't be used to index type '{}'.
src/pages/Restaurant/Cart.tsx(209,21): error TS7053: Element implicitly has an 'any' type because expression of type 'any' can't be used to index type '{}'.
src/pages/Restaurant/Cart.tsx(215,17): error TS7053: Element implicitly has an 'any' type because expression of type 'any' can't be used to index type '{}'.
src/pages/Restaurant/Cart.tsx(216,17): error TS7053: Element implicitly has an 'any' type because expression of type 'any' can't be used to index type '{}'.
src/pages/Restaurant/Cart.tsx(221,44): error TS18046: 'restaurant' is of type 'unknown'.
src/pages/Restaurant/Cart.tsx(226,17): error TS2698: Spread types may only be created from object types.
src/pages/Restaurant/Cart.tsx(236,22): error TS2345: Argument of type 'string' is not assignable to parameter of type 'SetStateAction<null>'.
src/pages/Restaurant/Cart.tsx(236,48): error TS18046: 'err' is of type 'unknown'.
src/pages/Restaurant/Cart.tsx(248,17): error TS2698: Spread types may only be created from object types.
src/pages/Restaurant/Cart.tsx(255,22): error TS2345: Argument of type 'string' is not assignable to parameter of type 'SetStateAction<null>'.
src/pages/Restaurant/Cart.tsx(255,47): error TS18046: 'err' is of type 'unknown'.
src/pages/Restaurant/Cart.tsx(325,23): error TS2339: Property 'cartItems' does not exist on type 'never'.
src/pages/Restaurant/Cart.tsx(411,77): error TS2345: Argument of type 'string' is not assignable to parameter of type 'SetStateAction<null>'.
src/pages/Restaurant/Cart.tsx(418,46): error TS7053: Element implicitly has an 'any' type because expression of type 'string' can't be used to index type '{}'.
  No index signature with a parameter of type 'string' was found on type '{}'.
src/pages/Restaurant/Cart.tsx(440,58): error TS7053: Element implicitly has an 'any' type because expression of type 'string' can't be used to index type '{}'.
  No index signature with a parameter of type 'string' was found on type '{}'.
src/pages/Restaurant/Cart.tsx(453,50): error TS7053: Element implicitly has an 'any' type because expression of type 'string' can't be used to index type '{}'.
  No index signature with a parameter of type 'string' was found on type '{}'.
src/pages/Restaurant/Cart.tsx(453,92): error TS7006: Parameter 'item' implicitly has an 'any' type.
src/pages/Restaurant/Cart.tsx(549,95): error TS7053: Element implicitly has an 'any' type because expression of type 'string' can't be used to index type '{}'.
  No index signature with a parameter of type 'string' was found on type '{}'.
src/pages/Restaurant/Cart.tsx(573,82): error TS2339: Property 'totalPrice' does not exist on type 'never'.
src/pages/Restaurant/Cart.tsx(583,102): error TS2339: Property 'totalPrice' does not exist on type 'never'.
src/pages/Restaurant/resCreate.tsx(1,8): error TS6133: 'React' is declared but its value is never read.
src/pages/Restaurant/resCreate.tsx(8,1): error TS6133: 'AdminNavbar' is declared but its value is never read.
src/pages/Restaurant/resCreate.tsx(9,1): error TS6133: 'AdminSideBar' is declared but its value is never read.
src/pages/Restaurant/resCreate.tsx(23,23): error TS7031: Binding element 'center' implicitly has an 'any' type.
src/pages/Restaurant/resCreate.tsx(57,11): error TS6196: 'StandardResponseDto' is declared but never used.
src/pages/Restaurant/resCreate.tsx(174,29): error TS7006: Parameter 'e' implicitly has an 'any' type.
src/pages/Restaurant/resCreate.tsx(227,32): error TS7006: Parameter 'e' implicitly has an 'any' type.
src/pages/Restaurant/resCreate.tsx(232,11): error TS6133: 'handleCheckboxChange' is declared but its value is never read.
src/pages/Restaurant/resCreate.tsx(232,35): error TS7006: Parameter 'e' implicitly has an 'any' type.
src/pages/Restaurant/resCreate.tsx(237,33): error TS7006: Parameter 'e' implicitly has an 'any' type.
src/pages/Restaurant/resCreate.tsx(267,33): error TS7006: Parameter 'e' implicitly has an 'any' type.
src/pages/Restaurant/resCreate.tsx(805,57): error TS2322: Type 'number[]' is not assignable to type 'LatLngExpression | undefined'.
  Type 'number[]' is not assignable to type 'LatLngTuple'.
    Target requires 2 element(s) but source may have fewer.
src/pages/Restaurant/resCreate.tsx(815,65): error TS2322: Type 'number[]' is not assignable to type 'LatLngExpression'.
  Type 'number[]' is not assignable to type 'LatLngTuple'.
    Target requires 2 element(s) but source may have fewer.
src/pages/Restaurant/RestaurantCreate.tsx(1,8): error TS6133: 'React' is declared but its value is never read.
src/pages/Restaurant/RestaurantCreate.tsx(23,23): error TS7031: Binding element 'center' implicitly has an 'any' type.
src/pages/Restaurant/RestaurantCreate.tsx(57,11): error TS6196: 'StandardResponseDto' is declared but never used.
src/pages/Restaurant/RestaurantCreate.tsx(174,29): error TS7006: Parameter 'e' implicitly has an 'any' type.
src/pages/Restaurant/RestaurantCreate.tsx(227,32): error TS7006: Parameter 'e' implicitly has an 'any' type.
src/pages/Restaurant/RestaurantCreate.tsx(232,11): error TS6133: 'handleCheckboxChange' is declared but its value is never read.
src/pages/Restaurant/RestaurantCreate.tsx(232,35): error TS7006: Parameter 'e' implicitly has an 'any' type.
src/pages/Restaurant/RestaurantCreate.tsx(237,33): error TS7006: Parameter 'e' implicitly has an 'any' type.
src/pages/Restaurant/RestaurantCreate.tsx(267,33): error TS7006: Parameter 'e' implicitly has an 'any' type.
src/pages/Restaurant/RestaurantCreate.tsx(809,57): error TS2322: Type 'number[]' is not assignable to type 'LatLngExpression | undefined'.
  Type 'number[]' is not assignable to type 'LatLngTuple'.
    Target requires 2 element(s) but source may have fewer.
src/pages/Restaurant/RestaurantCreate.tsx(819,65): error TS2322: Type 'number[]' is not assignable to type 'LatLngExpression'.
  Type 'number[]' is not assignable to type 'LatLngTuple'.
    Target requires 2 element(s) but source may have fewer.
src/services/auth/AdminRoute.tsx(49,45): error TS2339: Property 'authorities' does not exist on type 'DecodedToken'.
src/services/auth/AdminRoute.tsx(49,82): error TS2339: Property 'authorities' does not exist on type 'DecodedToken'.
src/services/auth/AdminRoute.tsx(50,43): error TS2339: Property 'authorities' does not exist on type 'DecodedToken'.
src/services/ContactUs/contact.service.ts(9,11): error TS6196: 'ContactMessage' is declared but never used.
