[INFO] Scanning for projects...
[INFO] 
[INFO] --------------< local.security:resource-consumption-poc >---------------
[INFO] Building resource-consumption-poc 1.0-SNAPSHOT
[INFO]   from pom.xml
[INFO] --------------------------------[ jar ]---------------------------------
[INFO] 
[INFO] --- resources:3.4.0:resources (default-resources) @ resource-consumption-poc ---
[INFO] skip non existing resourceDirectory /Users/vidurahewaduwa/Documents/GitHub/Food-Ordering-and-Delivery-System-Secure/security/resource-consumption-poc/src/main/resources
[INFO] 
[INFO] --- compiler:3.13.0:compile (default-compile) @ resource-consumption-poc ---
[INFO] Recompiling the module because of changed source code.
[INFO] Compiling 66 source files with javac [debug parameters release 17] to target/classes
[INFO] 
[INFO] --- resources:3.4.0:testResources (default-testResources) @ resource-consumption-poc ---
[INFO] Copying 1 resource from src/test/resources to target/test-classes
[INFO] 
[INFO] --- compiler:3.13.0:testCompile (default-testCompile) @ resource-consumption-poc ---
[INFO] Recompiling the module because of changed dependency.
[INFO] Compiling 4 source files with javac [debug parameters release 17] to target/test-classes
[INFO] -------------------------------------------------------------
[ERROR] COMPILATION ERROR : 
[INFO] -------------------------------------------------------------
[ERROR] /Users/vidurahewaduwa/Documents/GitHub/Food-Ordering-and-Delivery-System-Secure/security/resource-consumption-poc/src/test/java/local/security/NotificationRateLimiterTest.java:[54,18] incompatible types: try-with-resources not applicable to variable type
    (java.util.concurrent.ExecutorService cannot be converted to java.lang.AutoCloseable)
[INFO] 1 error
[INFO] -------------------------------------------------------------
[INFO] ------------------------------------------------------------------------
[INFO] BUILD FAILURE
[INFO] ------------------------------------------------------------------------
[INFO] Total time:  13.903 s
[INFO] Finished at: 2026-09-26T17:14:57+05:30
[INFO] ------------------------------------------------------------------------
[ERROR] Failed to execute goal org.apache.maven.plugins:maven-compiler-plugin:3.13.0:testCompile (default-testCompile) on project resource-consumption-poc: Compilation failure
[ERROR] /Users/vidurahewaduwa/Documents/GitHub/Food-Ordering-and-Delivery-System-Secure/security/resource-consumption-poc/src/test/java/local/security/NotificationRateLimiterTest.java:[54,18] incompatible types: try-with-resources not applicable to variable type
[ERROR]     (java.util.concurrent.ExecutorService cannot be converted to java.lang.AutoCloseable)
[ERROR] -> [Help 1]
[ERROR] 
[ERROR] To see the full stack trace of the errors, re-run Maven with the -e switch.
[ERROR] Re-run Maven using the -X switch to enable full debug logging.
[ERROR] 
[ERROR] For more information about the errors and possible solutions, please read the following articles:
[ERROR] [Help 1] http://cwiki.apache.org/confluence/display/MAVEN/MojoFailureException
