[INFO] Scanning for projects...
[WARNING] 
[WARNING] Some problems were encountered while building the effective model for com.DeliveryProject:DeliveryProject:jar:0.0.1-SNAPSHOT
[WARNING] 'dependencies.dependency.(groupId:artifactId:type:classifier)' must be unique: org.springframework.boot:spring-boot-starter-web:jar -> duplicate declaration of version (?) @ line 73, column 21
[WARNING] 
[WARNING] Some problems were encountered while building the effective model for org.example:Auth_Service:jar:1.0-SNAPSHOT
[WARNING] 'dependencies.dependency.(groupId:artifactId:type:classifier)' must be unique: io.jsonwebtoken:jjwt-api:jar -> duplicate declaration of version 0.11.5 @ line 88, column 21
[WARNING] 'dependencies.dependency.(groupId:artifactId:type:classifier)' must be unique: io.jsonwebtoken:jjwt-impl:jar -> duplicate declaration of version 0.11.5 @ line 93, column 21
[WARNING] 'dependencies.dependency.(groupId:artifactId:type:classifier)' must be unique: io.jsonwebtoken:jjwt-jackson:jar -> duplicate declaration of version 0.11.5 @ line 98, column 21
[WARNING] 'dependencies.dependency.(groupId:artifactId:type:classifier)' must be unique: org.springframework.boot:spring-boot-starter-security:jar -> duplicate declaration of version (?) @ line 109, column 21
[WARNING] 
[WARNING] It is highly recommended to fix these problems because they threaten the stability of your build.
[WARNING] 
[WARNING] For this reason, future Maven versions might no longer support building such malformed projects.
[WARNING] 
[INFO] ------------------------------------------------------------------------
[INFO] Reactor Build Order:
[INFO] 
[INFO] Archetype - Server                                                 [pom]
[INFO] Archetype - Order_Service                                          [jar]
[INFO] 
[INFO] -------------------------< org.example:Server >-------------------------
[INFO] Building Archetype - Server 1.0-SNAPSHOT                           [1/2]
[INFO]   from pom.xml
[INFO] --------------------------------[ pom ]---------------------------------
[INFO] 
[INFO] --- spring-boot:3.4.3:repackage (repackage) @ Server ---
[INFO] 
[INFO] ---------------------< org.example:Order_Service >----------------------
[INFO] Building Archetype - Order_Service 1.0-SNAPSHOT                    [2/2]
[INFO]   from Order_Service/pom.xml
[INFO] --------------------------------[ jar ]---------------------------------
[INFO] 
[INFO] --- resources:3.3.1:resources (default-resources) @ Order_Service ---
[INFO] Copying 1 resource from src/main/resources to target/classes
[INFO] Copying 0 resource from src/main/resources to target/classes
[INFO] 
[INFO] --- compiler:3.13.0:compile (default-compile) @ Order_Service ---
[INFO] Recompiling the module because of changed source code.
[INFO] Compiling 14 source files with javac [debug parameters release 17] to target/classes
[INFO] Annotation processing is enabled because one or more processors were found
  on the class path. A future release of javac may disable annotation processing
  unless at least one processor is specified by name (-processor), or a search
  path is specified (--processor-path, --processor-module-path), or annotation
  processing is enabled explicitly (-proc:only, -proc:full).
  Use -Xlint:-options to suppress this message.
  Use -proc:none to disable annotation processing.
[INFO] 
[INFO] --- resources:3.3.1:testResources (default-testResources) @ Order_Service ---
[INFO] skip non existing resourceDirectory /Users/vidurahewaduwa/Documents/GitHub/Food-Ordering-and-Delivery-System-Secure/Server/Order_Service/src/test/resources
[INFO] 
[INFO] --- compiler:3.13.0:testCompile (default-testCompile) @ Order_Service ---
[INFO] Recompiling the module because of changed dependency.
[INFO] Compiling 1 source file with javac [debug parameters release 17] to target/test-classes
[INFO] Annotation processing is enabled because one or more processors were found
  on the class path. A future release of javac may disable annotation processing
  unless at least one processor is specified by name (-processor), or a search
  path is specified (--processor-path, --processor-module-path), or annotation
  processing is enabled explicitly (-proc:only, -proc:full).
  Use -Xlint:-options to suppress this message.
  Use -proc:none to disable annotation processing.
[INFO] 
[INFO] --- surefire:3.5.2:test (default-test) @ Order_Service ---
[INFO] Tests are skipped.
[INFO] 
[INFO] --- jar:3.4.2:jar (default-jar) @ Order_Service ---
[INFO] Building jar: /Users/vidurahewaduwa/Documents/GitHub/Food-Ordering-and-Delivery-System-Secure/Server/Order_Service/target/Order_Service-1.0-SNAPSHOT.jar
[INFO] 
[INFO] --- spring-boot:3.4.3:repackage (repackage) @ Order_Service ---
[INFO] Replacing main artifact /Users/vidurahewaduwa/Documents/GitHub/Food-Ordering-and-Delivery-System-Secure/Server/Order_Service/target/Order_Service-1.0-SNAPSHOT.jar with repackaged archive, adding nested dependencies in BOOT-INF/.
[INFO] The original artifact has been renamed to /Users/vidurahewaduwa/Documents/GitHub/Food-Ordering-and-Delivery-System-Secure/Server/Order_Service/target/Order_Service-1.0-SNAPSHOT.jar.original
[INFO] ------------------------------------------------------------------------
[INFO] Reactor Summary for Archetype - Server 1.0-SNAPSHOT:
[INFO] 
[INFO] Archetype - Server ................................. SUCCESS [  3.281 s]
[INFO] Archetype - Order_Service .......................... SUCCESS [ 14.751 s]
[INFO] ------------------------------------------------------------------------
[INFO] BUILD SUCCESS
[INFO] ------------------------------------------------------------------------
[INFO] Total time:  22.768 s
[INFO] Finished at: 2026-09-26T19:27:26+05:30
[INFO] ------------------------------------------------------------------------
