[INFO] Scanning for projects...
[INFO] 
[INFO] ------------------< local.security:audit-logging-poc >------------------
[INFO] Building audit-logging-poc 1.0-SNAPSHOT
[INFO]   from pom.xml
[INFO] --------------------------------[ jar ]---------------------------------
[INFO] 
[INFO] --- resources:3.3.1:resources (default-resources) @ audit-logging-poc ---
[INFO] skip non existing resourceDirectory /Users/vidurahewaduwa/Documents/GitHub/Food-Ordering-and-Delivery-System-Secure/security/audit-logging-poc/src/main/resources
[INFO] skip non existing resourceDirectory /Users/vidurahewaduwa/Documents/GitHub/Food-Ordering-and-Delivery-System-Secure/security/audit-logging-poc/src/main/resources
[INFO] 
[INFO] --- compiler:3.13.0:compile (default-compile) @ audit-logging-poc ---
[INFO] Recompiling the module because of changed source code.
[INFO] Compiling 9 source files with javac [debug parameters release 17] to target/classes
[INFO] 
[INFO] --- resources:3.3.1:testResources (default-testResources) @ audit-logging-poc ---
[INFO] Copying 1 resource from src/test/resources to target/test-classes
[INFO] 
[INFO] --- compiler:3.13.0:testCompile (default-testCompile) @ audit-logging-poc ---
[INFO] Recompiling the module because of changed dependency.
[INFO] Compiling 1 source file with javac [debug parameters release 17] to target/test-classes
[INFO] 
[INFO] --- surefire:3.5.2:test (default-test) @ audit-logging-poc ---
[INFO] Using auto detected provider org.apache.maven.surefire.junitplatform.JUnitPlatformProvider
[INFO] 
[INFO] -------------------------------------------------------
[INFO]  T E S T S
[INFO] -------------------------------------------------------
[INFO] Running local.security.AuditLoggingPocTest
INFO o.h.validator.internal.util.Version - HV000001: Hibernate Validator 8.0.2.Final
INFO o.a.m.surefire.booter.ForkedBooter - Starting ForkedBooter v3.5.2 using Java 21.0.9 with PID 73145 (started by vidurahewaduwa in /Users/vidurahewaduwa/Documents/GitHub/Food-Ordering-and-Delivery-System-Secure/security/audit-logging-poc)
INFO o.a.m.surefire.booter.ForkedBooter - No active profile set, falling back to 1 default profile: "default"
INFO o.s.d.r.c.RepositoryConfigurationDelegate - Bootstrapping Spring Data JPA repositories in DEFAULT mode.
INFO o.s.d.r.c.RepositoryConfigurationDelegate - Finished Spring Data repository scanning in 18 ms. Found 1 JPA repository interface.
INFO o.s.b.w.e.tomcat.TomcatWebServer - Tomcat initialized with port 0 (http)
INFO o.a.coyote.http11.Http11NioProtocol - Initializing ProtocolHandler ["http-nio-127.0.0.1-auto-1"]
INFO o.a.catalina.core.StandardService - Starting service [Tomcat]
INFO o.a.catalina.core.StandardEngine - Starting Servlet engine: [Apache Tomcat/10.1.36]
INFO o.a.c.c.C.[Tomcat].[localhost].[/] - Initializing Spring embedded WebApplicationContext
INFO o.s.b.w.s.c.ServletWebServerApplicationContext - Root WebApplicationContext: initialization completed in 529 ms
INFO o.h.jpa.internal.util.LogHelper - HHH000204: Processing PersistenceUnitInfo [name: default]
INFO org.hibernate.Version - HHH000412: Hibernate ORM core version 6.6.8.Final
INFO o.h.c.i.RegionFactoryInitiator - HHH000026: Second-level cache disabled
INFO o.s.o.j.p.SpringPersistenceUnitInfo - No LoadTimeWeaver setup: ignoring JPA class transformer
INFO com.zaxxer.hikari.HikariDataSource - HikariPool-1 - Starting...
INFO com.zaxxer.hikari.pool.HikariPool - HikariPool-1 - Added connection conn0: url=jdbc:h2:mem:audit_8d3317fb-5d11-40d3-a9f2-ac71e404e1b3 user=SA
INFO com.zaxxer.hikari.HikariDataSource - HikariPool-1 - Start completed.
WARN org.hibernate.orm.deprecation - HHH90000025: H2Dialect does not need to be specified explicitly using 'hibernate.dialect' (remove the property setting and it will be selected by default)
INFO o.hibernate.orm.connections.pooling - HHH10001005: Database info:
	Database JDBC URL [Connecting through datasource 'HikariDataSource (HikariPool-1)']
	Database driver: undefined/unknown
	Database version: 2.3.232
	Autocommit mode: undefined/unknown
	Isolation level: undefined/unknown
	Minimum pool size: undefined/unknown
	Maximum pool size: undefined/unknown
INFO o.h.e.t.j.p.i.JtaPlatformInitiator - HHH000489: No JTA platform available (set 'hibernate.transaction.jta.platform' to enable JTA platform integration)
Hibernate: drop table if exists order_items cascade 
Hibernate: drop table if exists orders cascade 
Hibernate: create table order_items (quantity integer not null, total_price numeric(38,2) not null, unit_price numeric(38,2) not null, id bigint generated by default as identity, order_id bigint, item_name varchar(255) not null, menu_item_id varchar(255) not null, primary key (id))
Hibernate: create table orders (delivery_fee numeric(38,2), latitude float(53), longitude float(53), subtotal numeric(38,2), tax numeric(38,2), total_amount numeric(38,2), last_updated timestamp(6), order_date timestamp(6), order_id bigint generated by default as identity, contact_phone varchar(255) not null, delivery_address varchar(255) not null, restaurant_id varchar(255) not null, user_id varchar(255) not null, status enum ('CANCELLED','CONFIRMED','DELIVERED','OUT_FOR_DELIVERY','PLACED','PREPARING'), primary key (order_id))
Hibernate: alter table if exists order_items add constraint FKbioxgbv59vetrxe0ejfubep1w foreign key (order_id) references orders
INFO o.s.o.j.LocalContainerEntityManagerFactoryBean - Initialized JPA EntityManagerFactory for persistence unit 'default'
WARN o.s.b.a.o.j.JpaBaseConfiguration$JpaWebConfiguration - spring.jpa.open-in-view is enabled by default. Therefore, database queries may be performed during view rendering. Explicitly configure spring.jpa.open-in-view to disable this warning
INFO o.a.coyote.http11.Http11NioProtocol - Starting ProtocolHandler ["http-nio-127.0.0.1-auto-1"]
INFO o.s.b.w.e.tomcat.TomcatWebServer - Tomcat started on port 51012 (http) with context path '/'
INFO o.a.m.surefire.booter.ForkedBooter - Started ForkedBooter in 1.84 seconds (process running for 2.277)
INFO local.security.HarnessControl - POC_CAPTURE_BEGIN: synthetic fixture requests; harness marker only
INFO o.a.c.c.C.[Tomcat].[localhost].[/] - Initializing Spring DispatcherServlet 'dispatcherServlet'
INFO o.s.web.servlet.DispatcherServlet - Initializing Servlet 'dispatcherServlet'
INFO o.s.web.servlet.DispatcherServlet - Completed initialization in 1 ms
Hibernate: insert into orders (contact_phone,delivery_address,delivery_fee,last_updated,latitude,longitude,order_date,restaurant_id,status,subtotal,tax,total_amount,user_id,order_id) values (?,?,?,?,?,?,?,?,?,?,?,?,?,default)
Hibernate: insert into order_items (item_name,menu_item_id,quantity,total_price,unit_price,id) values (?,?,?,?,?,default)
Hibernate: update order_items set order_id=? where id=?
Hibernate: select om1_0.order_id,om1_0.contact_phone,om1_0.delivery_address,om1_0.delivery_fee,om1_0.last_updated,om1_0.latitude,om1_0.longitude,om1_0.order_date,om1_0.restaurant_id,om1_0.status,om1_0.subtotal,om1_0.tax,om1_0.total_amount,om1_0.user_id from orders om1_0 where om1_0.order_id=?
Hibernate: select oi1_0.order_id,oi1_0.id,oi1_0.item_name,oi1_0.menu_item_id,oi1_0.quantity,oi1_0.total_price,oi1_0.unit_price from order_items oi1_0 where oi1_0.order_id=?
Hibernate: select om1_0.order_id,om1_0.contact_phone,om1_0.delivery_address,om1_0.delivery_fee,om1_0.last_updated,om1_0.latitude,om1_0.longitude,om1_0.order_date,om1_0.restaurant_id,om1_0.status,om1_0.subtotal,om1_0.tax,om1_0.total_amount,om1_0.user_id from orders om1_0 where om1_0.order_id=?
Hibernate: update orders set contact_phone=?,delivery_address=?,delivery_fee=?,last_updated=?,latitude=?,longitude=?,order_date=?,restaurant_id=?,status=?,subtotal=?,tax=?,total_amount=?,user_id=? where order_id=?
Hibernate: select oi1_0.order_id,oi1_0.id,oi1_0.item_name,oi1_0.menu_item_id,oi1_0.quantity,oi1_0.total_price,oi1_0.unit_price from order_items oi1_0 where oi1_0.order_id=?
Hibernate: select om1_0.order_id,om1_0.contact_phone,om1_0.delivery_address,om1_0.delivery_fee,om1_0.last_updated,om1_0.latitude,om1_0.longitude,om1_0.order_date,om1_0.restaurant_id,om1_0.status,om1_0.subtotal,om1_0.tax,om1_0.total_amount,om1_0.user_id from orders om1_0 where om1_0.order_id=?
Hibernate: select om1_0.order_id,om1_0.contact_phone,om1_0.delivery_address,om1_0.delivery_fee,om1_0.last_updated,om1_0.latitude,om1_0.longitude,om1_0.order_date,om1_0.restaurant_id,om1_0.status,om1_0.subtotal,om1_0.tax,om1_0.total_amount,om1_0.user_id from orders om1_0 where om1_0.order_id=?
Hibernate: update orders set contact_phone=?,delivery_address=?,delivery_fee=?,last_updated=?,latitude=?,longitude=?,order_date=?,restaurant_id=?,status=?,subtotal=?,tax=?,total_amount=?,user_id=? where order_id=?
Hibernate: select oi1_0.order_id,oi1_0.id,oi1_0.item_name,oi1_0.menu_item_id,oi1_0.quantity,oi1_0.total_price,oi1_0.unit_price from order_items oi1_0 where oi1_0.order_id=?
Hibernate: select om1_0.order_id,om1_0.contact_phone,om1_0.delivery_address,om1_0.delivery_fee,om1_0.last_updated,om1_0.latitude,om1_0.longitude,om1_0.order_date,om1_0.restaurant_id,om1_0.status,om1_0.subtotal,om1_0.tax,om1_0.total_amount,om1_0.user_id from orders om1_0 where om1_0.order_id=?
Hibernate: select oi1_0.order_id,oi1_0.id,oi1_0.item_name,oi1_0.menu_item_id,oi1_0.quantity,oi1_0.total_price,oi1_0.unit_price from order_items oi1_0 where oi1_0.order_id=?
Hibernate: update order_items set order_id=null where order_id=?
Hibernate: delete from order_items where id=?
Hibernate: delete from orders where order_id=?
Hibernate: select om1_0.order_id,om1_0.contact_phone,om1_0.delivery_address,om1_0.delivery_fee,om1_0.last_updated,om1_0.latitude,om1_0.longitude,om1_0.order_date,om1_0.restaurant_id,om1_0.status,om1_0.subtotal,om1_0.tax,om1_0.total_amount,om1_0.user_id from orders om1_0 where om1_0.order_id=?
Hibernate: select count(*) from orders om1_0 where om1_0.order_id=?
INFO local.security.HarnessControl - POC_CAPTURE_END: synthetic fixture requests; harness marker only
AUDIT POC: 7 ZAP-proxied requests; statuses 201,200,200,400,200,204,404
AUDIT POC: order removed; 2 capture-control events; 0 order-package audit/log events
INFO o.s.b.w.e.tomcat.GracefulShutdown - Commencing graceful shutdown. Waiting for active requests to complete
INFO o.a.coyote.http11.Http11NioProtocol - Pausing ProtocolHandler ["http-nio-127.0.0.1-auto-1-51012"]
INFO o.s.b.w.e.tomcat.GracefulShutdown - Graceful shutdown complete
INFO o.a.coyote.http11.Http11NioProtocol - Stopping ProtocolHandler ["http-nio-127.0.0.1-auto-1"]
INFO o.s.o.j.LocalContainerEntityManagerFactoryBean - Closing JPA EntityManagerFactory for persistence unit 'default'
Hibernate: drop table if exists order_items cascade 
Hibernate: drop table if exists orders cascade 
INFO com.zaxxer.hikari.HikariDataSource - HikariPool-1 - Shutdown initiated...
INFO com.zaxxer.hikari.HikariDataSource - HikariPool-1 - Shutdown completed.
[INFO] Tests run: 1, Failures: 0, Errors: 0, Skipped: 0, Time elapsed: 2.607 s -- in local.security.AuditLoggingPocTest
[INFO] 
[INFO] Results:
[INFO] 
[INFO] Tests run: 1, Failures: 0, Errors: 0, Skipped: 0
[INFO] 
[INFO] ------------------------------------------------------------------------
[INFO] BUILD SUCCESS
[INFO] ------------------------------------------------------------------------
[INFO] Total time:  5.720 s
[INFO] Finished at: 2026-09-26T18:52:06+05:30
[INFO] ------------------------------------------------------------------------
